// Jest Snapshot v1, https://goo.gl/fbAQLP

exports[`util/snippet snapshot: replace 1`] = `
"
    [helloWorld]
    [hello-world]
    [hello_world]
    [HelloWorld]
    [HELLO-WORLD]
    [HELLO_WORLD]
    "
`;

exports[`util/snippet snapshot: util 1`] = `
UtilSnippet {
  "stringFormatter": UtilStringFormatter {},
}
`;
