// Jest Snapshot v1, https://goo.gl/fbAQLP

exports[`util/snippet snapshot: util 1`] = `
UtilSnippet {
  "string": UtilString {},
}
`;
