// Jest Snapshot v1, https://goo.gl/fbAQLP

exports[`util/prompt snapshot: util 1`] = `
UtilPrompt {
  "config": UtilConfig {},
}
`;
