// Jest Snapshot v1, https://goo.gl/fbAQLP

exports[`util/path snapshot: util 1`] = `UtilPath {}`;
