// Jest Snapshot v1, https://goo.gl/fbAQLP

exports[`util/config snapshot: util 1`] = `UtilConfig {}`;
